============================= test session starts =============================
platform win32 -- Python 3.13.3, pytest-8.4.0, pluggy-1.6.0
rootdir: C:\MVP開発\ToDOTask
configfile: pyproject.toml
collected 6 items

tests\test_app.py EEEEEE                                                 [100%]

=================================== ERRORS ====================================
_________ ERROR at setup of TestTaskManagement.test_add_task_success __________
file C:\MVP開発\ToDOTask\tests\test_app.py, line 18
      def test_add_task_success(self, client):
E       fixture 'client' not found
>       available fixtures: app, cache, capfd, capfdbinary, caplog, capsys, capsysbinary, capteesys, doctest_namespace, mock_csrf_validation, monkeypatch, pytestconfig, record_property, record_testsuite_property, record_xml_attribute, recwarn, setup_and_teardown, tmp_path, tmp_path_factory, tmpdir, tmpdir_factory
>       use 'pytest --fixtures [testpath]' for help on them.

C:\MVP開発\ToDOTask\tests\test_app.py:18
________ ERROR at setup of TestTaskManagement.test_toggle_task_success ________
file C:\MVP開発\ToDOTask\tests\test_app.py, line 27
      def test_toggle_task_success(self, client):
E       fixture 'client' not found
>       available fixtures: app, cache, capfd, capfdbinary, caplog, capsys, capsysbinary, capteesys, doctest_namespace, mock_csrf_validation, monkeypatch, pytestconfig, record_property, record_testsuite_property, record_xml_attribute, recwarn, setup_and_teardown, tmp_path, tmp_path_factory, tmpdir, tmpdir_factory
>       use 'pytest --fixtures [testpath]' for help on them.

C:\MVP開発\ToDOTask\tests\test_app.py:27
________ ERROR at setup of TestTaskManagement.test_delete_task_success ________
file C:\MVP開発\ToDOTask\tests\test_app.py, line 42
      def test_delete_task_success(self, client):
E       fixture 'client' not found
>       available fixtures: app, cache, capfd, capfdbinary, caplog, capsys, capsysbinary, capteesys, doctest_namespace, mock_csrf_validation, monkeypatch, pytestconfig, record_property, record_testsuite_property, record_xml_attribute, recwarn, setup_and_teardown, tmp_path, tmp_path_factory, tmpdir, tmpdir_factory
>       use 'pytest --fixtures [testpath]' for help on them.

C:\MVP開発\ToDOTask\tests\test_app.py:42
___ ERROR at setup of TestTaskManagement.test_add_task_invalid_description ____
file C:\MVP開発\ToDOTask\tests\test_app.py, line 57
      def test_add_task_invalid_description(self, client):
E       fixture 'client' not found
>       available fixtures: app, cache, capfd, capfdbinary, caplog, capsys, capsysbinary, capteesys, doctest_namespace, mock_csrf_validation, monkeypatch, pytestconfig, record_property, record_testsuite_property, record_xml_attribute, recwarn, setup_and_teardown, tmp_path, tmp_path_factory, tmpdir, tmpdir_factory
>       use 'pytest --fixtures [testpath]' for help on them.

C:\MVP開発\ToDOTask\tests\test_app.py:57
_____ ERROR at setup of TestTaskManagement.test_toggle_task_missing_csrf ______
file C:\MVP開発\ToDOTask\tests\test_app.py, line 65
      def test_toggle_task_missing_csrf(self, client):
E       fixture 'client' not found
>       available fixtures: app, cache, capfd, capfdbinary, caplog, capsys, capsysbinary, capteesys, doctest_namespace, mock_csrf_validation, monkeypatch, pytestconfig, record_property, record_testsuite_property, record_xml_attribute, recwarn, setup_and_teardown, tmp_path, tmp_path_factory, tmpdir, tmpdir_factory
>       use 'pytest --fixtures [testpath]' for help on them.

C:\MVP開発\ToDOTask\tests\test_app.py:65
______ ERROR at setup of TestTaskManagement.test_delete_task_invalid_id _______
file C:\MVP開発\ToDOTask\tests\test_app.py, line 78
      def test_delete_task_invalid_id(self, client):
E       fixture 'client' not found
>       available fixtures: app, cache, capfd, capfdbinary, caplog, capsys, capsysbinary, capteesys, doctest_namespace, mock_csrf_validation, monkeypatch, pytestconfig, record_property, record_testsuite_property, record_xml_attribute, recwarn, setup_and_teardown, tmp_path, tmp_path_factory, tmpdir, tmpdir_factory
>       use 'pytest --fixtures [testpath]' for help on them.

C:\MVP開発\ToDOTask\tests\test_app.py:78
=========================== short test summary info ===========================
ERROR tests/test_app.py::TestTaskManagement::test_add_task_success
ERROR tests/test_app.py::TestTaskManagement::test_toggle_task_success
ERROR tests/test_app.py::TestTaskManagement::test_delete_task_success
ERROR tests/test_app.py::TestTaskManagement::test_add_task_invalid_description
ERROR tests/test_app.py::TestTaskManagement::test_toggle_task_missing_csrf
ERROR tests/test_app.py::TestTaskManagement::test_delete_task_invalid_id
============================== 6 errors in 0.01s ==============================
